
> mf-kintai-system@0.0.0 build
> tsc -b && vite build

[36mvite v8.2.1 [32mbuilding client environment for production...[36m[39m
[2Ktransforming...✓ 2688 modules transformed.
